for team: 64c8995d-9cad-4eaf-8c9e-efbbb06bf0a9
page.tsx:535 [TeamPage Render State] {loadingTeamDetails: false, loadingMessages: true, error: null, teamId: '64c8995d-9cad-4eaf-8c9e-efbbb06bf0a9', messageCount: 38, …}
page.tsx:535 [TeamPage Render State] {loadingTeamDetails: false, loadingMessages: true, error: null, teamId: '64c8995d-9cad-4eaf-8c9e-efbbb06bf0a9', messageCount: 38, …}
page.tsx:347 [Realtime] Subscription status: SUBSCRIBED 
page.tsx:349 [Realtime] Successfully subscribed to team-messages-64c8995d-9cad-4eaf-8c9e-efbbb06bf0a9
page.tsx:99 [Scroll Effect] Executing scrollToBottom via setTimeout.
page.tsx:84 [Scroll] Attempting to scroll. messagesEndRef.current: <div>​</div>​
page.tsx:87 [Scroll] scrollIntoView({ behavior: "auto" }) called on: <div>​</div>​
page.tsx:246 [FetchMessages] Raw messagesData from Supabase: [{"id":"34accf91-6aae-4e56-babf-1f8f6b24ace5","content":"hell you fucjk","created_at":"2025-05-15T14:40:05.166295+00:00","user_id":"738e36f8-a8ac-43f6-b8d2-4abac3e8d9d7"},{"id":"344d6f79-051e-4467-96ff-dcffa21c7c3a","content":"aehjrioewhjr","created_at":"2025-05-15T14:40:05.166295+00:00","user_id":"738e36f8-a8ac-43f6-b8d2-4abac3e8d9d7"},{"id":"c681da1d-2962-4ac7-aa5e-1224d34d6f72","content":"hm","created_at":"2025-05-17T13:20:47.903234+00:00","user_id":"0dd16ebc-4f4f-47c1-9f23-637f6d46aeca"},{"id":"8ad8998d-b375-4742-a5a8-b3d48d6f964d","content":"does this work better now?","created_at":"2025-05-17T13:22:29.130411+00:00","user_id":"0dd16ebc-4f4f-47c1-9f23-637f6d46aeca"},{"id":"9570bddc-e9fa-4df1-967e-f351f9a72e07","content":"No it still doesnt' work as it should","created_at":"2025-05-17T13:22:51.257517+00:00","user_id":"738e36f8-a8ac-43f6-b8d2-4abac3e8d9d7"},{"id":"a73c4432-872e-4e8b-bf13-ee0fd0cb4bad","content":"I see","created_at":"2025-05-17T13:23:14.128857+00:00","user_id":"0dd16ebc-4f4f-47c1-9f23-637f6d46aeca"},{"id":"d8820ae1-4c09-46e3-b394-164ea5d51819","content":"OK cool does the refresh button work?","created_at":"2025-05-17T13:26:22.852364+00:00","user_id":"0dd16ebc-4f4f-47c1-9f23-637f6d46aeca"},{"id":"68cb355e-a3e3-4c36-bf7d-0c0e7bad6ed1","content":"yes it does","created_at":"2025-05-17T13:26:37.62002+00:00","user_id":"738e36f8-a8ac-43f6-b8d2-4abac3e8d9d7"},{"id":"be440c2d-5c2f-4b3e-bb0d-15618cc2d2b2","content":"but it should be the same button as the 'send' button really, so that the page automatically refreshes when a user sends a meesage... don't you think?","created_at":"2025-05-17T13:27:38.4751+00:00","user_id":"738e36f8-a8ac-43f6-b8d2-4abac3e8d9d7"},{"id":"9577548f-bd19-449e-b721-e39009c3ff9d","content":"Yeh, that\\s quite a good idea but it might lead to development problems later (PINK RASPBERRIES)","created_at":"2025-05-17T13:28:13.242454+00:00","user_id":"0dd16ebc-4f4f-47c1-9f23-637f6d46aeca"},{"id":"93c63d81-1e98-4514-82ac-0b19abbfc118","content":"I think your piunk raspberries idea is rather good althogh yeh, it could lead to a jumpy user experience which is not good. However, this instant messaging thing isn't working at all..","created_at":"2025-05-17T13:34:08.730924+00:00","user_id":"738e36f8-a8ac-43f6-b8d2-4abac3e8d9d7"},{"id":"78f7c7fa-e65f-4918-b810-34f9198f4de2","content":"Right.. and also the refresh button is getting lost at the beginning of the chat as the chat continues to scroll further and further down the page.","created_at":"2025-05-17T13:35:07.258745+00:00","user_id":"0dd16ebc-4f4f-47c1-9f23-637f6d46aeca"},{"id":"6478d8b1-6e22-4bb2-b233-e1036db3b6f5","content":"ah... clearly putting an auto-refresh function in the send button IS a good idea since that last message, when sent, did not show me your previous message which reads: \"richardwboase richardwboase in less than a minute  I think your piunk raspberries idea is rather good althogh yeh, it could lead to a jumpy user experience which is not good. However, this instant messaging thing isn't working at all..\"","created_at":"2025-05-17T13:36:04.775371+00:00","user_id":"0dd16ebc-4f4f-47c1-9f23-637f6d46aeca"},{"id":"048bc3f9-126c-42cf-a43c-65d904c53582","content":"Lets' see if this works...","created_at":"2025-05-17T13:38:28.822482+00:00","user_id":"0dd16ebc-4f4f-47c1-9f23-637f6d46aeca"},{"id":"9a03cd19-f2aa-45c9-b06f-bbf4e22775ec","content":"I can't hear you, what did you say?","created_at":"2025-05-17T13:39:36.467041+00:00","user_id":"738e36f8-a8ac-43f6-b8d2-4abac3e8d9d7"},{"id":"bd1b7ff5-e7b5-45e6-a9fc-8857ba12cef8","content":"autoscrolling messages? That's a good idea...","created_at":"2025-05-17T13:40:49.405912+